Archive member included because of file (symbol)

d:/imt school tools/sdk/imt_sdk_win_64/winavr/bin/../lib/gcc/avr/4.3.3/avr5\libgcc.a(_udivmodqi4.o)
                              ./main.o (__udivmodqi4)
d:/imt school tools/sdk/imt_sdk_win_64/winavr/bin/../lib/gcc/avr/4.3.3/avr5\libgcc.a(_udivmodhi4.o)
                              ./TMU_Program.o (__udivmodhi4)
d:/imt school tools/sdk/imt_sdk_win_64/winavr/bin/../lib/gcc/avr/4.3.3/avr5\libgcc.a(_exit.o)
                              d:/imt school tools/sdk/imt_sdk_win_64/winavr/bin/../lib/gcc/avr/4.3.3/../../../../avr/lib/avr5/crtm32.o (exit)
d:/imt school tools/sdk/imt_sdk_win_64/winavr/bin/../lib/gcc/avr/4.3.3/avr5\libgcc.a(_copy_data.o)
                              ./main.o (__do_copy_data)
d:/imt school tools/sdk/imt_sdk_win_64/winavr/bin/../lib/gcc/avr/4.3.3/avr5\libgcc.a(_clear_bss.o)
                              ./TIMER_program.o (__do_clear_bss)

Memory Configuration

Name             Origin             Length             Attributes
text             0x00000000         0x00020000         xr
data             0x00800060         0x0000ffa0         rw !x
eeprom           0x00810000         0x00010000         rw !x
fuse             0x00820000         0x00000400         rw !x
lock             0x00830000         0x00000400         rw !x
signature        0x00840000         0x00000400         rw !x
*default*        0x00000000         0xffffffff

Linker script and memory map

LOAD d:/imt school tools/sdk/imt_sdk_win_64/winavr/bin/../lib/gcc/avr/4.3.3/../../../../avr/lib/avr5/crtm32.o
LOAD ./DIO_program.o
LOAD ./GIE_program.o
LOAD ./PORT_program.o
LOAD ./TIMER_program.o
LOAD ./TMU_Program.o
LOAD ./main.o
LOAD d:/imt school tools/sdk/imt_sdk_win_64/winavr/bin/../lib/gcc/avr/4.3.3/avr5\libgcc.a
LOAD d:/imt school tools/sdk/imt_sdk_win_64/winavr/bin/../lib/gcc/avr/4.3.3/../../../../avr/lib/avr5\libc.a
LOAD d:/imt school tools/sdk/imt_sdk_win_64/winavr/bin/../lib/gcc/avr/4.3.3/avr5\libgcc.a

.hash
 *(.hash)

.dynsym
 *(.dynsym)

.dynstr
 *(.dynstr)

.gnu.version
 *(.gnu.version)

.gnu.version_d
 *(.gnu.version_d)

.gnu.version_r
 *(.gnu.version_r)

.rel.init
 *(.rel.init)

.rela.init
 *(.rela.init)

.rel.text
 *(.rel.text)
 *(.rel.text.*)
 *(.rel.gnu.linkonce.t*)

.rela.text
 *(.rela.text)
 *(.rela.text.*)
 *(.rela.gnu.linkonce.t*)

.rel.fini
 *(.rel.fini)

.rela.fini
 *(.rela.fini)

.rel.rodata
 *(.rel.rodata)
 *(.rel.rodata.*)
 *(.rel.gnu.linkonce.r*)

.rela.rodata
 *(.rela.rodata)
 *(.rela.rodata.*)
 *(.rela.gnu.linkonce.r*)

.rel.data
 *(.rel.data)
 *(.rel.data.*)
 *(.rel.gnu.linkonce.d*)

.rela.data
 *(.rela.data)
 *(.rela.data.*)
 *(.rela.gnu.linkonce.d*)

.rel.ctors
 *(.rel.ctors)

.rela.ctors
 *(.rela.ctors)

.rel.dtors
 *(.rel.dtors)

.rela.dtors
 *(.rela.dtors)

.rel.got
 *(.rel.got)

.rela.got
 *(.rela.got)

.rel.bss
 *(.rel.bss)

.rela.bss
 *(.rela.bss)

.rel.plt
 *(.rel.plt)

.rela.plt
 *(.rela.plt)

.text           0x00000000     0x1232
 *(.vectors)
 .vectors       0x00000000       0x54 d:/imt school tools/sdk/imt_sdk_win_64/winavr/bin/../lib/gcc/avr/4.3.3/../../../../avr/lib/avr5/crtm32.o
                0x00000000                __vectors
                0x00000000                __vector_default
 *(.vectors)
 *(.progmem.gcc*)
 *(.progmem*)
                0x00000054                . = ALIGN (0x2)
                0x00000054                __trampolines_start = .
 *(.trampolines)
 .trampolines   0x00000054        0x0 linker stubs
 *(.trampolines*)
                0x00000054                __trampolines_end = .
 *(.jumptables)
 *(.jumptables*)
 *(.lowtext)
 *(.lowtext*)
                0x00000054                __ctors_start = .
 *(.ctors)
                0x00000054                __ctors_end = .
                0x00000054                __dtors_start = .
 *(.dtors)
                0x00000054                __dtors_end = .
 SORT(*)(.ctors)
 SORT(*)(.dtors)
 *(.init0)
 .init0         0x00000054        0x0 d:/imt school tools/sdk/imt_sdk_win_64/winavr/bin/../lib/gcc/avr/4.3.3/../../../../avr/lib/avr5/crtm32.o
                0x00000054                __init
 *(.init0)
 *(.init1)
 *(.init1)
 *(.init2)
 .init2         0x00000054        0xc d:/imt school tools/sdk/imt_sdk_win_64/winavr/bin/../lib/gcc/avr/4.3.3/../../../../avr/lib/avr5/crtm32.o
 *(.init2)
 *(.init3)
 *(.init3)
 *(.init4)
 .init4         0x00000060       0x16 d:/imt school tools/sdk/imt_sdk_win_64/winavr/bin/../lib/gcc/avr/4.3.3/avr5\libgcc.a(_copy_data.o)
                0x00000060                __do_copy_data
 .init4         0x00000076       0x10 d:/imt school tools/sdk/imt_sdk_win_64/winavr/bin/../lib/gcc/avr/4.3.3/avr5\libgcc.a(_clear_bss.o)
                0x00000076                __do_clear_bss
 *(.init4)
 *(.init5)
 *(.init5)
 *(.init6)
 *(.init6)
 *(.init7)
 *(.init7)
 *(.init8)
 *(.init8)
 *(.init9)
 .init9         0x00000086        0x8 d:/imt school tools/sdk/imt_sdk_win_64/winavr/bin/../lib/gcc/avr/4.3.3/../../../../avr/lib/avr5/crtm32.o
 *(.init9)
 *(.text)
 .text          0x0000008e        0x4 d:/imt school tools/sdk/imt_sdk_win_64/winavr/bin/../lib/gcc/avr/4.3.3/../../../../avr/lib/avr5/crtm32.o
                0x0000008e                __vector_1
                0x0000008e                __vector_12
                0x0000008e                __bad_interrupt
                0x0000008e                __vector_6
                0x0000008e                __vector_3
                0x0000008e                __vector_11
                0x0000008e                __vector_13
                0x0000008e                __vector_17
                0x0000008e                __vector_19
                0x0000008e                __vector_5
                0x0000008e                __vector_9
                0x0000008e                __vector_2
                0x0000008e                __vector_15
                0x0000008e                __vector_8
                0x0000008e                __vector_14
                0x0000008e                __vector_16
                0x0000008e                __vector_18
                0x0000008e                __vector_20
 .text          0x00000092        0x0 ./DIO_program.o
 .text          0x00000092        0x0 ./GIE_program.o
 .text          0x00000092        0x0 ./PORT_program.o
 .text          0x00000092        0x0 ./TIMER_program.o
 .text          0x00000092        0x0 ./TMU_Program.o
 .text          0x00000092        0x0 ./main.o
 .text          0x00000092        0x0 d:/imt school tools/sdk/imt_sdk_win_64/winavr/bin/../lib/gcc/avr/4.3.3/avr5\libgcc.a(_udivmodqi4.o)
 .text          0x00000092        0x0 d:/imt school tools/sdk/imt_sdk_win_64/winavr/bin/../lib/gcc/avr/4.3.3/avr5\libgcc.a(_udivmodhi4.o)
 .text          0x00000092        0x0 d:/imt school tools/sdk/imt_sdk_win_64/winavr/bin/../lib/gcc/avr/4.3.3/avr5\libgcc.a(_exit.o)
 .text          0x00000092        0x0 d:/imt school tools/sdk/imt_sdk_win_64/winavr/bin/../lib/gcc/avr/4.3.3/avr5\libgcc.a(_copy_data.o)
 .text          0x00000092        0x0 d:/imt school tools/sdk/imt_sdk_win_64/winavr/bin/../lib/gcc/avr/4.3.3/avr5\libgcc.a(_clear_bss.o)
                0x00000092                . = ALIGN (0x2)
 *(.text.*)
 .text.DIO_u8SetPinValue
                0x00000092      0x224 ./DIO_program.o
                0x00000092                DIO_u8SetPinValue
 .text.DIO_u8SetPortValue
                0x000002b6       0x90 ./DIO_program.o
                0x000002b6                DIO_u8SetPortValue
 .text.DIO_u8TogglePinValue
                0x00000346      0x116 ./DIO_program.o
                0x00000346                DIO_u8TogglePinValue
 .text.DIO_u8GetPinValue
                0x0000045c      0x130 ./DIO_program.o
                0x0000045c                DIO_u8GetPinValue
 .text.DIO_U8GetPortValue
                0x0000058c       0xb4 ./DIO_program.o
                0x0000058c                DIO_U8GetPortValue
 .text.GIE_voidEnable
                0x00000640       0x1c ./GIE_program.o
                0x00000640                GIE_voidEnable
 .text.GIE_voidDisable
                0x0000065c       0x1c ./GIE_program.o
                0x0000065c                GIE_voidDisable
 .text.PORT_voidInit
                0x00000678       0x48 ./PORT_program.o
                0x00000678                PORT_voidInit
 .text.TIMER0_voidInit
                0x000006c0       0x7c ./TIMER_program.o
                0x000006c0                TIMER0_voidInit
 .text.TIMER0_voidSetCompMatchValue
                0x0000073c       0x1c ./TIMER_program.o
                0x0000073c                TIMER0_voidSetCompMatchValue
 .text.__vector_10
                0x00000758       0x66 ./TIMER_program.o
                0x00000758                __vector_10
 .text.TIMER1_voidInit
                0x000007be       0x88 ./TIMER_program.o
                0x000007be                TIMER1_voidInit
 .text.TIMER1_voidSetChannelACompMatchValue
                0x00000846       0x24 ./TIMER_program.o
                0x00000846                TIMER1_voidSetChannelACompMatchValue
 .text.__vector_7
                0x0000086a       0x66 ./TIMER_program.o
                0x0000086a                __vector_7
 .text.TIMER2_voidInit
                0x000008d0       0x6e ./TIMER_program.o
                0x000008d0                TIMER2_voidInit
 .text.TIMER2_voidSetCompMatchValue
                0x0000093e       0x1c ./TIMER_program.o
                0x0000093e                TIMER2_voidSetCompMatchValue
 .text.__vector_4
                0x0000095a       0x66 ./TIMER_program.o
                0x0000095a                __vector_4
 .text.TIMER_u8SetCallBack
                0x000009c0       0x4a ./TIMER_program.o
                0x000009c0                TIMER_u8SetCallBack
 .text.TMU_Start
                0x00000a0a      0x1aa ./TMU_Program.o
                0x00000a0a                TMU_Start
 .text.TMU_CreateTask
                0x00000bb4      0x14a ./TMU_Program.o
                0x00000bb4                TMU_CreateTask
 .text.TMU_SuspendTask
                0x00000cfe       0x3a ./TMU_Program.o
                0x00000cfe                TMU_SuspendTask
 .text.TMU_ResumeTask
                0x00000d38       0x3c ./TMU_Program.o
                0x00000d38                TMU_ResumeTask
 .text.TMU_DeleteTask
                0x00000d74       0x36 ./TMU_Program.o
                0x00000d74                TMU_DeleteTask
 .text.TMU_Scheduler
                0x00000daa       0x2e ./TMU_Program.o
 .text.TMU_GCM  0x00000dd8       0x42 ./TMU_Program.o
                0x00000dd8                TMU_GCM
 .text.main     0x00000e1a      0x166 ./main.o
                0x00000e1a                main
 .text.RED_LED  0x00000f80       0x38 ./main.o
                0x00000f80                RED_LED
 .text.YELLOW_LED
                0x00000fb8       0x40 ./main.o
                0x00000fb8                YELLOW_LED
 .text.GREEN_LED
                0x00000ff8       0x38 ./main.o
                0x00000ff8                GREEN_LED
 .text.SEV_SEG  0x00001030      0x12e ./main.o
                0x00001030                SEV_SEG
 .text.Switch1  0x0000115e       0x48 ./main.o
                0x0000115e                Switch1
 .text.Switch2  0x000011a6       0x48 ./main.o
                0x000011a6                Switch2
 .text.libgcc   0x000011ee       0x18 d:/imt school tools/sdk/imt_sdk_win_64/winavr/bin/../lib/gcc/avr/4.3.3/avr5\libgcc.a(_udivmodqi4.o)
                0x000011ee                __udivmodqi4
 .text.libgcc   0x00001206       0x28 d:/imt school tools/sdk/imt_sdk_win_64/winavr/bin/../lib/gcc/avr/4.3.3/avr5\libgcc.a(_udivmodhi4.o)
                0x00001206                __udivmodhi4
 .text.libgcc   0x0000122e        0x0 d:/imt school tools/sdk/imt_sdk_win_64/winavr/bin/../lib/gcc/avr/4.3.3/avr5\libgcc.a(_exit.o)
 .text.libgcc   0x0000122e        0x0 d:/imt school tools/sdk/imt_sdk_win_64/winavr/bin/../lib/gcc/avr/4.3.3/avr5\libgcc.a(_copy_data.o)
 .text.libgcc   0x0000122e        0x0 d:/imt school tools/sdk/imt_sdk_win_64/winavr/bin/../lib/gcc/avr/4.3.3/avr5\libgcc.a(_clear_bss.o)
                0x0000122e                . = ALIGN (0x2)
 *(.fini9)
 .fini9         0x0000122e        0x0 d:/imt school tools/sdk/imt_sdk_win_64/winavr/bin/../lib/gcc/avr/4.3.3/avr5\libgcc.a(_exit.o)
                0x0000122e                exit
                0x0000122e                _exit
 *(.fini9)
 *(.fini8)
 *(.fini8)
 *(.fini7)
 *(.fini7)
 *(.fini6)
 *(.fini6)
 *(.fini5)
 *(.fini5)
 *(.fini4)
 *(.fini4)
 *(.fini3)
 *(.fini3)
 *(.fini2)
 *(.fini2)
 *(.fini1)
 *(.fini1)
 *(.fini0)
 .fini0         0x0000122e        0x4 d:/imt school tools/sdk/imt_sdk_win_64/winavr/bin/../lib/gcc/avr/4.3.3/avr5\libgcc.a(_exit.o)
 *(.fini0)
                0x00001232                _etext = .

.data           0x00800060        0x6 load address 0x00001232
                0x00800060                PROVIDE (__data_start, .)
 *(.data)
 .data          0x00800060        0x0 d:/imt school tools/sdk/imt_sdk_win_64/winavr/bin/../lib/gcc/avr/4.3.3/../../../../avr/lib/avr5/crtm32.o
 .data          0x00800060        0x0 ./DIO_program.o
 .data          0x00800060        0x0 ./GIE_program.o
 .data          0x00800060        0x0 ./PORT_program.o
 .data          0x00800060        0x0 ./TIMER_program.o
 .data          0x00800060        0x0 ./TMU_Program.o
 .data          0x00800060        0x0 ./main.o
 .data          0x00800060        0x0 d:/imt school tools/sdk/imt_sdk_win_64/winavr/bin/../lib/gcc/avr/4.3.3/avr5\libgcc.a(_udivmodqi4.o)
 .data          0x00800060        0x0 d:/imt school tools/sdk/imt_sdk_win_64/winavr/bin/../lib/gcc/avr/4.3.3/avr5\libgcc.a(_udivmodhi4.o)
 .data          0x00800060        0x0 d:/imt school tools/sdk/imt_sdk_win_64/winavr/bin/../lib/gcc/avr/4.3.3/avr5\libgcc.a(_exit.o)
 .data          0x00800060        0x0 d:/imt school tools/sdk/imt_sdk_win_64/winavr/bin/../lib/gcc/avr/4.3.3/avr5\libgcc.a(_copy_data.o)
 .data          0x00800060        0x0 d:/imt school tools/sdk/imt_sdk_win_64/winavr/bin/../lib/gcc/avr/4.3.3/avr5\libgcc.a(_clear_bss.o)
 *(.data*)
 *(.rodata)
 *(.rodata*)
 .rodata.C.0.1253
                0x00800060        0x5 ./main.o
 *(.gnu.linkonce.d*)
                0x00800066                . = ALIGN (0x2)
 *fill*         0x00800065        0x1 00
                0x00800066                _edata = .
                0x00800066                PROVIDE (__data_end, .)

.bss            0x00800066       0x41
                0x00800066                PROVIDE (__bss_start, .)
 *(.bss)
 .bss           0x00800066        0x0 d:/imt school tools/sdk/imt_sdk_win_64/winavr/bin/../lib/gcc/avr/4.3.3/../../../../avr/lib/avr5/crtm32.o
 .bss           0x00800066        0x0 ./DIO_program.o
 .bss           0x00800066        0x0 ./GIE_program.o
 .bss           0x00800066        0x0 ./PORT_program.o
 .bss           0x00800066        0x0 ./TIMER_program.o
 .bss           0x00800066        0x0 ./TMU_Program.o
 .bss           0x00800066        0x0 ./main.o
 .bss           0x00800066        0x0 d:/imt school tools/sdk/imt_sdk_win_64/winavr/bin/../lib/gcc/avr/4.3.3/avr5\libgcc.a(_udivmodqi4.o)
 .bss           0x00800066        0x0 d:/imt school tools/sdk/imt_sdk_win_64/winavr/bin/../lib/gcc/avr/4.3.3/avr5\libgcc.a(_udivmodhi4.o)
 .bss           0x00800066        0x0 d:/imt school tools/sdk/imt_sdk_win_64/winavr/bin/../lib/gcc/avr/4.3.3/avr5\libgcc.a(_exit.o)
 .bss           0x00800066        0x0 d:/imt school tools/sdk/imt_sdk_win_64/winavr/bin/../lib/gcc/avr/4.3.3/avr5\libgcc.a(_copy_data.o)
 .bss           0x00800066        0x0 d:/imt school tools/sdk/imt_sdk_win_64/winavr/bin/../lib/gcc/avr/4.3.3/avr5\libgcc.a(_clear_bss.o)
 *(.bss*)
 .bss.TIMERS_pvCallBackFunc
                0x00800066        0x8 ./TIMER_program.o
 .bss.TMU_CompCount
                0x0080006e        0x1 ./TMU_Program.o
 .bss.TMU_ISRNum
                0x0080006f        0x1 ./TMU_Program.o
 .bss.TMU_Flag  0x00800070        0x1 ./TMU_Program.o
 .bss.TMU_SystemTasks
                0x00800071       0x36 ./TMU_Program.o
 *(COMMON)
                0x008000a7                PROVIDE (__bss_end, .)
                0x00001232                __data_load_start = LOADADDR (.data)
                0x00001238                __data_load_end = (__data_load_start + SIZEOF (.data))

.noinit         0x008000a7        0x0
                0x008000a7                PROVIDE (__noinit_start, .)
 *(.noinit*)
                0x008000a7                PROVIDE (__noinit_end, .)
                0x008000a7                _end = .
                0x008000a7                PROVIDE (__heap_start, .)

.eeprom         0x00810000        0x0
 *(.eeprom*)
                0x00810000                __eeprom_end = .

.fuse
 *(.fuse)
 *(.lfuse)
 *(.hfuse)
 *(.efuse)

.lock
 *(.lock*)

.signature
 *(.signature*)

.stab           0x00000000     0x17ac
 *(.stab)
 .stab          0x00000000      0x600 ./DIO_program.o
 .stab          0x00000600      0x144 ./GIE_program.o
                                0x1bc (size before relaxing)
 .stab          0x00000744      0x168 ./PORT_program.o
                                0x1e0 (size before relaxing)
 .stab          0x000008ac      0x480 ./TIMER_program.o
                                0x4f8 (size before relaxing)
 .stab          0x00000d2c      0x528 ./TMU_Program.o
                                0x5a0 (size before relaxing)
 .stab          0x00001254      0x558 ./main.o
                                0x5e8 (size before relaxing)

.stabstr        0x00000000      0xae2
 *(.stabstr)
 .stabstr       0x00000000      0xae2 ./DIO_program.o

.stab.excl
 *(.stab.excl)

.stab.exclstr
 *(.stab.exclstr)

.stab.index
 *(.stab.index)

.stab.indexstr
 *(.stab.indexstr)

.comment
 *(.comment)

.debug
 *(.debug)

.line
 *(.line)

.debug_srcinfo
 *(.debug_srcinfo)

.debug_sfnames
 *(.debug_sfnames)

.debug_aranges
 *(.debug_aranges)

.debug_pubnames
 *(.debug_pubnames)

.debug_info
 *(.debug_info)
 *(.gnu.linkonce.wi.*)

.debug_abbrev
 *(.debug_abbrev)

.debug_line
 *(.debug_line)

.debug_frame
 *(.debug_frame)

.debug_str
 *(.debug_str)

.debug_loc
 *(.debug_loc)

.debug_macinfo
 *(.debug_macinfo)
OUTPUT(TMU_Project.elf elf32-avr)
LOAD linker stubs
